{"type":"server-started","port":53154,"host":"127.0.0.1","url_host":"localhost","url":"http://localhost:53154","screen_dir":"/Users/ankitagarawal/Downloads/capgemini/Project/SAM-gravity/umg/.superpowers/brainstorm/75329-1778013721/content","state_dir":"/Users/ankitagarawal/Downloads/capgemini/Project/SAM-gravity/umg/.superpowers/brainstorm/75329-1778013721/state"}
{"type":"screen-added","file":"/Users/ankitagarawal/Downloads/capgemini/Project/SAM-gravity/umg/.superpowers/brainstorm/75329-1778013721/content/dashboard-role-comparison.html"}
{"source":"user-event","type":"click","text":"C\n    \n      Build Both Together\n      Design the shared data structure and tabs first, then layer role-specific controls on top. Slightly more work upfront but ensures consistency.","choice":"both","id":null,"timestamp":1778014719295}
{"source":"user-event","type":"click","text":"C\n    \n      Build Both Together\n      Design the shared data structure and tabs first, then layer role-specific controls on top. Slightly more work upfront but ensures consistency.","choice":"both","id":null,"timestamp":1778014736774}
{"source":"user-event","type":"click","text":"C\n    \n      Build Both Together\n      Design the shared data structure and tabs first, then layer role-specific controls on top. Slightly more work upfront but ensures consistency.","choice":"both","id":null,"timestamp":1778014736973}
{"type":"screen-added","file":"/Users/ankitagarawal/Downloads/capgemini/Project/SAM-gravity/umg/.superpowers/brainstorm/75329-1778013721/content/tab-structure.html"}
{"source":"user-event","type":"click","text":"A\n    \n      Top Horizontal Tabs\n      Tabs across the top (like your current app). Simple, familiar. Works well with 5-6 tabs.\n      \n        \n          \n            People\n            Software\n            Operating\n            Capital\n            Audit\n          \n          \n            \n              KPI Cards + Filters here\n              \n            \n          \n          \n            Data grid / monthly planning table below","choice":"top-tabs","id":null,"timestamp":1778014801963}
{"source":"user-event","type":"click","text":"C\n    \n      Hybrid — Top Tabs + Sub-navigation\n      Top tabs for expense categories, with a secondary row for sub-views within each tab (e.g., People → \"Hiring Requests\" | \"Approved Team\" | \"Monthly Grid\").\n      \n        \n          \n            People\n            Software\n            Operating\n            Capital\n            Audit\n          \n          \n            Hiring Requests\n            Approved Team\n            Monthly Grid\n          \n          \n            \n              Content area for selected sub-view","choice":"hybrid","id":null,"timestamp":1778014874454}
{"source":"user-event","type":"click","text":"C\n    \n      Hybrid — Top Tabs + Sub-navigation\n      Top tabs for expense categories, with a secondary row for sub-views within each tab (e.g., People → \"Hiring Requests\" | \"Approved Team\" | \"Monthly Grid\").\n      \n        \n          \n            People\n            Software\n            Operating\n            Capital\n            Audit\n          \n          \n            Hiring Requests\n            Approved Team\n            Monthly Grid\n          \n          \n            \n              Content area for selected sub-view","choice":"hybrid","id":null,"timestamp":1778014877258}
{"source":"user-event","type":"click","text":"C\n    \n      Hybrid — Top Tabs + Sub-navigation\n      Top tabs for expense categories, with a secondary row for sub-views within each tab (e.g., People → \"Hiring Requests\" | \"Approved Team\" | \"Monthly Grid\").\n      \n        \n          \n            People\n            Software\n            Operating\n            Capital\n            Audit\n          \n          \n            Hiring Requests\n            Approved Team\n            Monthly Grid\n          \n          \n            \n              Content area for selected sub-view","choice":"hybrid","id":null,"timestamp":1778014923345}
{"source":"user-event","type":"click","text":"C\n    \n      Hybrid — Top Tabs + Sub-navigation\n      Top tabs for expense categories, with a secondary row for sub-views within each tab (e.g., People → \"Hiring Requests\" | \"Approved Team\" | \"Monthly Grid\").\n      \n        \n          \n            People\n            Software\n            Operating\n            Capital\n            Audit\n          \n          \n            Hiring Requests\n            Approved Team\n            Monthly Grid\n          \n          \n            \n              Content area for selected sub-view","choice":"hybrid","id":null,"timestamp":1778014923443}
{"type":"screen-added","file":"/Users/ankitagarawal/Downloads/capgemini/Project/SAM-gravity/umg/.superpowers/brainstorm/75329-1778013721/content/people-tab-detail.html"}
{"source":"user-event","type":"click","text":"📊\n    \n      Show me the Monthly Grid sub-view next\n      The editable monthly planning grid where allocation % and rates drive costs","choice":"more-monthly","id":null,"timestamp":1778015111017}
{"source":"user-event","type":"click","text":"💻\n    \n      Show me the Software/Operating tabs next\n      How expense entry and metadata differs from People","choice":"more-software","id":null,"timestamp":1778015120040}
{"source":"user-event","type":"click","text":"💻\n    \n      Show me the Software/Operating tabs next\n      How expense entry and metadata differs from People","choice":"more-software","id":null,"timestamp":1778015121358}
{"source":"user-event","type":"click","text":"📊\n    \n      Show me the Monthly Grid sub-view next\n      The editable monthly planning grid where allocation % and rates drive costs","choice":"more-monthly","id":null,"timestamp":1778015204231}
{"source":"user-event","type":"click","text":"📊\n    \n      Show me the Monthly Grid sub-view next\n      The editable monthly planning grid where allocation % and rates drive costs","choice":"more-monthly","id":null,"timestamp":1778015204394}
{"type":"screen-added","file":"/Users/ankitagarawal/Downloads/capgemini/Project/SAM-gravity/umg/.superpowers/brainstorm/75329-1778013721/content/monthly-grid-and-workflow.html"}
{"source":"user-event","type":"click","text":"+\n    \n      Show me more detail\n      I want to see the Software/Operating tabs, or the add-expense flow, or something else specific.","choice":"more-detail","id":null,"timestamp":1778015367681}
{"source":"user-event","type":"click","text":"+\n    \n      Show me more detail\n      I want to see the Software/Operating tabs, or the add-expense flow, or something else specific.","choice":"more-detail","id":null,"timestamp":1778015375486}
{"source":"user-event","type":"click","text":"+\n    \n      Show me more detail\n      I want to see the Software/Operating tabs, or the add-expense flow, or something else specific.","choice":"more-detail","id":null,"timestamp":1778015375584}
{"source":"user-event","type":"click","text":"+\n    \n      Show me more detail\n      I want to see the Software/Operating tabs, or the add-expense flow, or something else specific.","choice":"more-detail","id":null,"timestamp":1778015375772}
{"source":"user-event","type":"click","text":"+\n    \n      Show me more detail\n      I want to see the Software/Operating tabs, or the add-expense flow, or something else specific.","choice":"more-detail","id":null,"timestamp":1778015424678}
{"source":"user-event","type":"click","text":"+\n    \n      Show me more detail\n      I want to see the Software/Operating tabs, or the add-expense flow, or something else specific.","choice":"more-detail","id":null,"timestamp":1778015424862}
{"source":"user-event","type":"click","text":"+\n    \n      Show me more detail\n      I want to see the Software/Operating tabs, or the add-expense flow, or something else specific.","choice":"more-detail","id":null,"timestamp":1778015425813}
{"source":"user-event","type":"click","text":"✓\n    \n      This captures what I need\n      Grid structure, workflow bar, validation, and editability rules are clear. Let's move on.","choice":"looks-good","id":null,"timestamp":1778015428398}
{"source":"user-event","type":"click","text":"+\n    \n      Show me more detail\n      I want to see the Software/Operating tabs, or the add-expense flow, or something else specific.","choice":"more-detail","id":null,"timestamp":1778015429364}
{"source":"user-event","type":"click","text":"+\n    \n      Show me more detail\n      I want to see the Software/Operating tabs, or the add-expense flow, or something else specific.","choice":"more-detail","id":null,"timestamp":1778015710892}
{"source":"user-event","type":"click","text":"✓\n    \n      This captures what I need\n      Grid structure, workflow bar, validation, and editability rules are clear. Let's move on.","choice":"looks-good","id":null,"timestamp":1778015753177}
{"type":"screen-added","file":"/Users/ankitagarawal/Downloads/capgemini/Project/SAM-gravity/umg/.superpowers/brainstorm/75329-1778013721/content/software-operating-tabs.html"}
{"type":"screen-added","file":"/Users/ankitagarawal/Downloads/capgemini/Project/SAM-gravity/umg/.superpowers/brainstorm/75329-1778013721/content/full-app-navigation.html"}
{"type":"server-stopped","reason":"idle timeout"}
